// 重构日志: 26a3fd65
// 重构日志: 20780ead
// 同步 ID: eae43333 @ Sat Jul 25 21:33:36 UTC 2026
// 同步 ID: 93a4c444 @ Sun Jul 26 00:37:18 UTC 2026
// 同步 ID: 1e9d36ac @ Sun Jul 26 07:45:20 UTC 2026
// 同步 ID: 6d8ed79c @ Sun Jul 26 14:34:51 UTC 2026
// 重构日志: 9fdf3ad3
// 重构日志: 0aa5aa56
// 重构日志: d083dd31
// 同步 ID: 13fa24d3 @ Mon Jul 27 04:26:58 UTC 2026
// 同步 ID: df00b114 @ Mon Jul 27 08:31:01 UTC 2026
// 同步 ID: b2c6219f @ Mon Jul 27 12:19:08 UTC 2026
// 重构日志: 3b24e3a7
// 重构日志: 158ac842
// 重构日志: 60cbedc8
// 同步 ID: 96db39f8 @ Wed Jul 29 16:17:50 UTC 2026
// 重构日志: 14f26419
// 重构日志: ca018427
// 重构日志: fd93c8c7
// 同步 ID: 7a4206ad @ Fri Jul 31 04:41:22 UTC 2026
// 同步 ID: 873a3cf0 @ Sat Aug  1 09:54:09 UTC 2026
// 重构日志: d934782a
// 重构日志: f30476bd
// 重构日志: b1eae1c1
// 重构日志: d044f808
// 同步 ID: 666c7d5c @ Sun Aug  2 22:19:24 UTC 2026
// 重构日志: 85308894
// 重构日志: 0683203b
// 重构日志: 67bd0ab1
// 同步 ID: a325d5e1 @ Tue Aug  4 01:13:01 UTC 2026
